[massarservice.men.gov.ma/moutamadris/Account.html]
[backblue.gif]
[fade.gif]
[index.html]
[massarservice.men.gov.ma/moutamadris/ScriptsIntegration/assets/img/favicon/apple-icon-57x57.png]
[massarservice.men.gov.ma/moutamadris/ScriptsIntegration/assets/img/favicon/apple-icon-60x60.png]
[massarservice.men.gov.ma/moutamadris/ScriptsIntegration/assets/img/favicon/apple-icon-72x72.png]
[massarservice.men.gov.ma/moutamadris/ScriptsIntegration/assets/img/favicon/apple-icon-76x76.png]
[massarservice.men.gov.ma/moutamadris/ScriptsIntegration/assets/img/favicon/apple-icon-114x114.png]
[massarservice.men.gov.ma/moutamadris/ScriptsIntegration/assets/img/favicon/apple-icon-120x120.png]
[massarservice.men.gov.ma/moutamadris/ScriptsIntegration/assets/img/favicon/apple-icon-144x144.png]
[massarservice.men.gov.ma/moutamadris/ScriptsIntegration/assets/img/favicon/apple-icon-152x152.png]
[massarservice.men.gov.ma/moutamadris/ScriptsIntegration/assets/img/favicon/apple-icon-180x180.png]
[massarservice.men.gov.ma/moutamadris/ScriptsIntegration/assets/img/favicon/android-icon-192x192.png]
[massarservice.men.gov.ma/moutamadris/ScriptsIntegration/assets/img/favicon/favicon-32x32.png]
[massarservice.men.gov.ma/moutamadris/ScriptsIntegration/assets/img/favicon/favicon-96x96.png]
[massarservice.men.gov.ma/moutamadris/ScriptsIntegration/assets/img/favicon/favicon-16x16.png]
[massarservice.men.gov.ma/moutamadris/ScriptsIntegration/assets/img/favicon/manifest.json]
[massarservice.men.gov.ma/moutamadris/ScriptsIntegration/assets/css/login.css]
[massarservice.men.gov.ma/moutamadris/ScriptsIntegration/medias/ministry-logo-ar.png]
[massarservice.men.gov.ma/moutamadris/ScriptsIntegration/medias/massar-logo.png]
[massarservice.men.gov.ma/moutamadris/MotPassOublieEleve.html]
[massarservice.men.gov.ma/moutamadris/ScriptsIntegration/assets/js/lib/jquery-1.12.4.min.js]
[massarservice.men.gov.ma/moutamadris/ScriptsIntegration/assets/js/plugin/slick.min.js]
[massarservice.men.gov.ma/moutamadris/ScriptsIntegration/assets/js/plugin/jquery.mCustomScrollbar.concat.min.js]
[massarservice.men.gov.ma/moutamadris/ScriptsIntegration/assets/js/scripts.min.js]
[massarservice.men.gov.ma/moutamadris/Account.html]
[massarservice.men.gov.ma/moutamadris/assets/img/favicon/ms-icon-144x144.html]
[massarservice.men.gov.ma/moutamadris/ScriptsIntegration/assets/fonts/NeoSansArabicRegular.eot]
[massarservice.men.gov.ma/moutamadris/ScriptsIntegration/assets/fonts/NeoSansArabicRegular.woff2]
[massarservice.men.gov.ma/moutamadris/ScriptsIntegration/assets/fonts/NeoSansArabicRegular.woff]
[massarservice.men.gov.ma/moutamadris/ScriptsIntegration/assets/fonts/NeoSansArabicRegular.ttf]
[massarservice.men.gov.ma/moutamadris/ScriptsIntegration/assets/css/login.css]
[massarservice.men.gov.ma/moutamadris/Content/css-rtleca5.css]
[massarservice.men.gov.ma/moutamadris/Content/cssEleve5036.css]
[massarservice.men.gov.ma/moutamadris/ScriptsIntegration/assets/img/favicon/ms-icon-144x144.png]
[massarservice.men.gov.ma/moutamadris/ScriptsIntegration/assets/css/styles.css]
[massarservice.men.gov.ma/moutamadris/Content/plugins/notifications/pnotify.custom.min.css]
[massarservice.men.gov.ma/moutamadris/bundles/jquery01ec]
[massarservice.men.gov.ma/moutamadris/bundles/bootstrap0b3b]
[massarservice.men.gov.ma/moutamadris/bundles/pluginse733]
[massarservice.men.gov.ma/moutamadris/Scripts/Keyboard.js]
[massarservice.men.gov.ma/moutamadris/Content/Keyboard.css]
[massarservice.men.gov.ma/moutamadris/images/ezgif.gif]
[massarservice.men.gov.ma/moutamadris/bundles/globalize23e5]
[massarservice.men.gov.ma/moutamadris/MotPassOublieEleve.html]
[massarservice.men.gov.ma/moutamadris/ScriptsIntegration/assets/fonts/NeoSansArabicRegular.svg]
[massarservice.men.gov.ma/moutamadris/fonts/glyphicons-halflings-regular.eot]
[massarservice.men.gov.ma/moutamadris/fonts/glyphicons-halflings-regulard41d.eot]
[massarservice.men.gov.ma/moutamadris/fonts/glyphicons-halflings-regular.woff2]
[massarservice.men.gov.ma/moutamadris/fonts/glyphicons-halflings-regular.woff]
[massarservice.men.gov.ma/moutamadris/fonts/glyphicons-halflings-regular.ttf]
[massarservice.men.gov.ma/moutamadris/images/OK.png]
[massarservice.men.gov.ma/moutamadris/images/NOK.png]
[massarservice.men.gov.ma/moutamadris/Content/css-rtleca5.css]
[massarservice.men.gov.ma/moutamadris/Images/ezgif-2.gif]
[massarservice.men.gov.ma/moutamadris/ScriptsIntegration/assets/img/icon-notif.svg]
[massarservice.men.gov.ma/moutamadris/ScriptsIntegration/assets/img/bg-cours.svg]
[massarservice.men.gov.ma/moutamadris/Content/cssEleve5036.css]
[massarservice.men.gov.ma/moutamadris/ScriptsIntegration/assets/fonts/BrushScriptMTItalic.eot]
[massarservice.men.gov.ma/moutamadris/ScriptsIntegration/assets/fonts/BrushScriptMTItalicd41d.eot]
[massarservice.men.gov.ma/moutamadris/ScriptsIntegration/assets/fonts/BrushScriptMTItalic.woff2]
[massarservice.men.gov.ma/moutamadris/ScriptsIntegration/assets/fonts/BrushScriptMTItalic.woff]
[massarservice.men.gov.ma/moutamadris/ScriptsIntegration/assets/fonts/BrushScriptMTItalic.ttf]
[massarservice.men.gov.ma/moutamadris/ScriptsIntegration/assets/img/icon-home.svg]
[massarservice.men.gov.ma/moutamadris/ScriptsIntegration/assets/img/icon-support.svg]
[massarservice.men.gov.ma/moutamadris/ScriptsIntegration/assets/img/icon-book.svg]
[massarservice.men.gov.ma/moutamadris/ScriptsIntegration/assets/img/icon-space.svg]
[massarservice.men.gov.ma/moutamadris/ScriptsIntegration/assets/img/icon-meeting.svg]
[massarservice.men.gov.ma/moutamadris/ScriptsIntegration/assets/img/icon-resource.svg]
[massarservice.men.gov.ma/moutamadris/ScriptsIntegration/assets/img/icon-info.svg]
[massarservice.men.gov.ma/moutamadris/ScriptsIntegration/assets/img/icon-contact.svg]
[massarservice.men.gov.ma/moutamadris/ScriptsIntegration/assets/img/icon-password.svg]
[massarservice.men.gov.ma/moutamadris/ScriptsIntegration/assets/img/icon-scale.svg]
[massarservice.men.gov.ma/moutamadris/ScriptsIntegration/assets/css/styles.css]
[massarservice.men.gov.ma/moutamadris/Content/plugins/notifications/pnotify.custom.min.css]
[massarservice.men.gov.ma/moutamadris/images/Keyboard.png]
[massarservice.men.gov.ma/moutamadris/Content/Keyboard.css]
[massarservice.men.gov.ma/moutamadris/fonts/glyphicons-halflings-regular.svg]
[massarservice.men.gov.ma/moutamadris/img/boxed-bg.html]
[massarservice.men.gov.ma/moutamadris/ScriptsIntegration/assets/img/icon-notif.svg]
[massarservice.men.gov.ma/moutamadris/ScriptsIntegration/assets/img/bg-cours.svg]
[massarservice.men.gov.ma/moutamadris/ScriptsIntegration/assets/fonts/BrushScriptMTItalic.svg]
[massarservice.men.gov.ma/moutamadris/ScriptsIntegration/assets/css/mCSB_buttons.html]
[massarservice.men.gov.ma/moutamadris/ScriptsIntegration/assets/img/icon-logout.svg]
[massarservice.men.gov.ma/moutamadris/ScriptsIntegration/assets/img/icon-school.svg]
[massarservice.men.gov.ma/moutamadris/ScriptsIntegration/assets/img/icon-search.svg]
[massarservice.men.gov.ma/moutamadris/ScriptsIntegration/assets/img/icon-home.svg]
[massarservice.men.gov.ma/moutamadris/ScriptsIntegration/assets/img/icon-support.svg]
[massarservice.men.gov.ma/moutamadris/ScriptsIntegration/assets/img/icon-phone.svg]
[massarservice.men.gov.ma/moutamadris/ScriptsIntegration/assets/img/icon-social-help.svg]
[massarservice.men.gov.ma/moutamadris/ScriptsIntegration/assets/img/icon-book.svg]
[massarservice.men.gov.ma/moutamadris/ScriptsIntegration/assets/img/icon-heart.svg]
[massarservice.men.gov.ma/moutamadris/ScriptsIntegration/assets/img/icon-test.svg]
[massarservice.men.gov.ma/moutamadris/ScriptsIntegration/assets/img/icon-cap.svg]
[massarservice.men.gov.ma/moutamadris/ScriptsIntegration/assets/img/icon-classe.svg]
[massarservice.men.gov.ma/moutamadris/ScriptsIntegration/assets/img/icon-management.svg]
[massarservice.men.gov.ma/moutamadris/ScriptsIntegration/assets/img/icon-space.svg]
[massarservice.men.gov.ma/moutamadris/ScriptsIntegration/assets/img/icon-quiz.svg]
[massarservice.men.gov.ma/moutamadris/ScriptsIntegration/assets/img/icon-meeting.svg]
[massarservice.men.gov.ma/moutamadris/ScriptsIntegration/assets/img/icon-resource.svg]
[massarservice.men.gov.ma/moutamadris/ScriptsIntegration/assets/img/icon-activity.svg]
[massarservice.men.gov.ma/moutamadris/ScriptsIntegration/assets/img/icon-orientation.svg]
[massarservice.men.gov.ma/moutamadris/ScriptsIntegration/assets/img/icon-calendar.svg]
[massarservice.men.gov.ma/moutamadris/ScriptsIntegration/assets/img/icon-service.svg]
[massarservice.men.gov.ma/moutamadris/ScriptsIntegration/assets/img/icon-info.svg]
[massarservice.men.gov.ma/moutamadris/ScriptsIntegration/assets/img/icon-contact.svg]
[massarservice.men.gov.ma/moutamadris/ScriptsIntegration/assets/img/icon-search-gray.svg]
[massarservice.men.gov.ma/moutamadris/ScriptsIntegration/assets/img/icon-home-gray.svg]
[massarservice.men.gov.ma/moutamadris/ScriptsIntegration/assets/img/icon-support-gray.svg]
[massarservice.men.gov.ma/moutamadris/ScriptsIntegration/assets/img/icon-phone-gray.svg]
[massarservice.men.gov.ma/moutamadris/ScriptsIntegration/assets/img/icon-social-help-gray.svg]
[massarservice.men.gov.ma/moutamadris/ScriptsIntegration/assets/img/icon-book-gray.svg]
[massarservice.men.gov.ma/moutamadris/ScriptsIntegration/assets/img/icon-heart-gray.svg]
[massarservice.men.gov.ma/moutamadris/ScriptsIntegration/assets/img/icon-test-gray.svg]
[massarservice.men.gov.ma/moutamadris/ScriptsIntegration/assets/img/icon-cap-gray.svg]
[massarservice.men.gov.ma/moutamadris/ScriptsIntegration/assets/img/icon-classe-gray.svg]
[massarservice.men.gov.ma/moutamadris/ScriptsIntegration/assets/img/icon-management-gray.svg]
[massarservice.men.gov.ma/moutamadris/ScriptsIntegration/assets/img/icon-space-gray.svg]
[massarservice.men.gov.ma/moutamadris/ScriptsIntegration/assets/img/icon-quiz-gray.svg]
[massarservice.men.gov.ma/moutamadris/ScriptsIntegration/assets/img/icon-meeting-gray.svg]
[massarservice.men.gov.ma/moutamadris/ScriptsIntegration/assets/img/icon-resource-gray.svg]
[massarservice.men.gov.ma/moutamadris/ScriptsIntegration/assets/img/icon-activity-gray.svg]
[massarservice.men.gov.ma/moutamadris/ScriptsIntegration/assets/img/icon-orientation-gray.svg]
[massarservice.men.gov.ma/moutamadris/ScriptsIntegration/assets/img/icon-calendar-gray.svg]
[massarservice.men.gov.ma/moutamadris/ScriptsIntegration/assets/img/icon-service-gray.svg]
[massarservice.men.gov.ma/moutamadris/ScriptsIntegration/assets/img/icon-notif-gray.svg]
[massarservice.men.gov.ma/moutamadris/ScriptsIntegration/assets/img/icon-info-gray.svg]
[massarservice.men.gov.ma/moutamadris/ScriptsIntegration/assets/img/icon-contact-gray.svg]
[massarservice.men.gov.ma/moutamadris/ScriptsIntegration/assets/img/icon-user.svg]
[massarservice.men.gov.ma/moutamadris/ScriptsIntegration/assets/img/icon-portfolio.svg]
[massarservice.men.gov.ma/moutamadris/ScriptsIntegration/assets/img/icon-email.svg]
[massarservice.men.gov.ma/moutamadris/ScriptsIntegration/assets/img/icon-password.svg]
[massarservice.men.gov.ma/moutamadris/ScriptsIntegration/assets/img/icon-edit.svg]
[massarservice.men.gov.ma/moutamadris/ScriptsIntegration/assets/img/icon-search-small.svg]
[massarservice.men.gov.ma/moutamadris/ScriptsIntegration/assets/img/icon-like.svg]
[massarservice.men.gov.ma/moutamadris/ScriptsIntegration/assets/img/icon-arrow.svg]
[massarservice.men.gov.ma/moutamadris/ScriptsIntegration/assets/img/icon-team.svg]
[massarservice.men.gov.ma/moutamadris/ScriptsIntegration/assets/img/icon-refresh.svg]
[massarservice.men.gov.ma/moutamadris/ScriptsIntegration/assets/img/icon-scale.svg]
[massarservice.men.gov.ma/moutamadris/ScriptsIntegration/assets/img/bg-homework-notice.svg]
[massarservice.men.gov.ma/moutamadris/ScriptsIntegration/assets/img/icon-arrow-right.svg]
[massarservice.men.gov.ma/moutamadris/ScriptsIntegration/assets/img/bg-homework.svg]
[massarservice.men.gov.ma/moutamadris/ScriptsIntegration/assets/img/bg-exam.svg]
[massarservice.men.gov.ma/moutamadris/ScriptsIntegration/assets/img/bg-grade.svg]
[massarservice.men.gov.ma/moutamadris/ScriptsIntegration/assets/img/bg-evaluation.svg]
[massarservice.men.gov.ma/moutamadris/ScriptsIntegration/assets/img/bg-portfolio.svg]
[massarservice.men.gov.ma/moutamadris/ScriptsIntegration/assets/img/bg-project.svg]
[massarservice.men.gov.ma/moutamadris/ScriptsIntegration/assets/img/bg-game.html]
[massarservice.men.gov.ma/moutamadris/ScriptsIntegration/assets/img/bg-para.html]
[massarservice.men.gov.ma/moutamadris/ScriptsIntegration/assets/img/icon-theater.svg]
[massarservice.men.gov.ma/moutamadris/ScriptsIntegration/assets/img/icon-program.svg]
[massarservice.men.gov.ma/moutamadris/ScriptsIntegration/assets/img/icon-game.svg]
[massarservice.men.gov.ma/moutamadris/ScriptsIntegration/assets/img/icon-animation.svg]
[massarservice.men.gov.ma/moutamadris/ScriptsIntegration/assets/img/icon-arc-game.html]
[massarservice.men.gov.ma/moutamadris/ScriptsIntegration/assets/img/icon-chess-game.html]
[massarservice.men.gov.ma/moutamadris/ScriptsIntegration/assets/img/icon-arcade-game.html]
[massarservice.men.gov.ma/moutamadris/ScriptsIntegration/assets/img/icon-kids-theater.svg]
[massarservice.men.gov.ma/moutamadris/ScriptsIntegration/assets/img/icon-kids-program.svg]
[massarservice.men.gov.ma/moutamadris/ScriptsIntegration/assets/img/icon-kids-game.html]
[massarservice.men.gov.ma/moutamadris/ScriptsIntegration/assets/img/icon-kids-animation.html]
[massarservice.men.gov.ma/moutamadris/ScriptsIntegration/assets/img/icon-kids-arc-game.svg]
[massarservice.men.gov.ma/moutamadris/ScriptsIntegration/assets/img/icon-kids-chess-game.svg]
[massarservice.men.gov.ma/moutamadris/ScriptsIntegration/assets/img/icon-kids-arcade-game.svg]
[massarservice.men.gov.ma/moutamadris/ScriptsIntegration/assets/img/bg-think.svg]
[massarservice.men.gov.ma/moutamadris/ScriptsIntegration/assets/img/circle.svg]
[massarservice.men.gov.ma/moutamadris/ScriptsIntegration/assets/img/bg-kids-ressource.svg]
[massarservice.men.gov.ma/moutamadris/ScriptsIntegration/assets/img/bg-kids-cours.svg]
[massarservice.men.gov.ma/moutamadris/ScriptsIntegration/assets/img/icon-star.svg]
[massarservice.men.gov.ma/moutamadris/ScriptsIntegration/assets/img/icon-kids-star.svg]
[massarservice.men.gov.ma/moutamadris/ScriptsIntegration/assets/img/icon-star-on.svg]
[massarservice.men.gov.ma/moutamadris/ScriptsIntegration/assets/img/icon-kids-star-on.svg]
[massarservice.men.gov.ma/moutamadris/ScriptsIntegration/assets/img/icon-star-half.svg]
[massarservice.men.gov.ma/moutamadris/ScriptsIntegration/assets/img/icon-kids-star-half.svg]
[massarservice.men.gov.ma/moutamadris/ScriptsIntegration/assets/img/icon-add.svg]
[massarservice.men.gov.ma/moutamadris/ScriptsIntegration/assets/css/assets/img/icon-notif.html]
